// Jest Snapshot v1, https://goo.gl/fbAQLP

exports[`Should match snapshots 1`] = `
<DocumentFragment>
  <div
    class="LoginForm"
  >
    <div
      class="container col-md-6 offset-md-3 col-lg-4 offset-lg-4"
    >
      <h3
        class="mb-3"
      >
        Edit workout day
      </h3>
      <div
        class="card"
      >
        <div
          class="card-body"
        >
          <form>
            <div
              class="form-group"
            >
              <label
                for="dayOfWeek"
              >
                Day of week
              </label>
              <input
                autocomplete="username"
                class="form-control"
                id="dayOfWeek"
                name="dayOfWeek"
                placeholder="ex. Monday"
                required=""
                value=""
              />
            </div>
            <div
              class="form-group"
            >
              <label
                for="description"
              >
                Description
              </label>
              <input
                class="form-control"
                id="description"
                name="description"
                placeholder="ex. Chest day"
                required=""
                value=""
              />
            </div>
            <button
              class="btn float-right font-weight-bold"
              style="background-color: rgb(70, 17, 17); color: white;"
            >
              Update
            </button>
            <a
              class="btn float-right font-weight-bold"
              href="/workouts"
              role="button"
              style="background-color: rgb(255, 30, 0); color: white; margin-right: 5px;"
            >
              Cancel
            </a>
          </form>
        </div>
      </div>
    </div>
  </div>
</DocumentFragment>
`;
